src/_mock/_connections.ts(1,28): error TS2307: Cannot find module 'src/sections/connections/connection' or its corresponding type declarations.
src/auth/context/jwt/auth-provider.tsx(62,24): error TS2304: Cannot find name 'useVerifyUserMutation'.
src/auth/context/jwt/auth-provider.tsx(63,23): error TS2304: Cannot find name 'useVerifyDeviceMutation'.
src/auth/context/jwt/auth-provider.tsx(64,23): error TS2304: Cannot find name 'useResendOtpMutation'.
src/sections/auth/forgot-password-otp-view.tsx(20,10): error TS2305: Module '"src/store/auth/forgot-password"' has no exported member 'useVerifyOtpInForgotMutation'.
src/sections/auth/forgot-password-otp-view.tsx(21,10): error TS2305: Module '"src/store/auth/auth-api"' has no exported member 'useResendOtpMutation'.
src/sections/auth/forgot-password-view.tsx(17,10): error TS2305: Module '"src/store/auth/forgot-password"' has no exported member 'useRequestOtpMutation'.
src/sections/auth/new-password-view.tsx(23,10): error TS2305: Module '"src/store/auth/forgot-password"' has no exported member 'useResetPasswordMutation'.
src/store/store.ts(2,10): error TS2305: Module '"./auth/auth-api"' has no exported member 'authApi'.
src/store/store.ts(3,10): error TS2305: Module '"./auth/forgot-password"' has no exported member 'forgotApi'.
